[2026-08-19 10:54:35.133] [2203609] WARN WmIniFile::Init:file does not exist
[2026-08-19 10:54:35.133] [2203609]  ERR WmIniFile::Init: 0x7000
[2026-08-19 10:54:35.133] [2203609]  ERR WmIniFile::GetEntry(WmString):Init: 0x7000
[2026-08-19 10:54:35.133] [2203609] INFO Set log level: 4
[2026-08-19 10:54:35.133] [2203609] INFO Executing command: [deploy]
[2026-08-19 10:54:35.133] [2203609] INFO [SDCryptoModule] TTOKI initialization ...
[2026-08-19 10:54:35.135] [2203609] INFO [SDCryptoModule] TTOKI initialization completed
[2026-08-19 10:54:35.135] [2203609] INFO [handle]Deploy handling ...
[2026-08-19 10:54:35.167] [2203609] INFO [handle]Deploy succeeded
[2026-08-19 10:54:35.167] [2203609] INFO deploy: finished
[2026-08-19 10:54:36.729] [2203825] WARN WmIniFile::Init:file does not exist
[2026-08-19 10:54:36.729] [2203825]  ERR WmIniFile::Init: 0x7000
[2026-08-19 10:54:36.729] [2203825]  ERR WmIniFile::GetEntry(WmString):Init: 0x7000
[2026-08-19 10:54:36.729] [2203825] INFO Set log level: 4
[2026-08-19 10:54:36.729] [2203825] INFO Executing command: [deploy]
[2026-08-19 10:54:36.729] [2203825] INFO [SDCryptoModule] TTOKI initialization ...
[2026-08-19 10:54:36.730] [2203825] INFO [SDCryptoModule] TTOKI initialization completed
[2026-08-19 10:54:36.730] [2203825] INFO [handle]Deploy handling ...
[2026-08-19 10:54:36.763] [2203825] INFO [handle]Deploy succeeded
[2026-08-19 10:54:36.763] [2203825] INFO deploy: finished
[2026-08-20 21:29:51.505] [3241820] WARN WmIniFile::Init:file does not exist
[2026-08-20 21:29:51.505] [3241820]  ERR WmIniFile::Init: 0x7000
[2026-08-20 21:29:51.505] [3241820]  ERR WmIniFile::GetEntry(WmString):Init: 0x7000
[2026-08-20 21:29:51.505] [3241820] INFO Set log level: 4
[2026-08-20 21:29:51.505] [3241820] INFO Executing command: [deploy]
[2026-08-20 21:29:51.505] [3241820] INFO [SDCryptoModule] TTOKI initialization ...
[2026-08-20 21:29:51.507] [3241820] INFO [SDCryptoModule] TTOKI initialization completed
[2026-08-20 21:29:51.507] [3241820] INFO [handle]Deploy handling ...
[2026-08-20 21:29:51.540] [3241820] INFO [handle]Deploy succeeded
[2026-08-20 21:29:51.540] [3241820] INFO deploy: finished
[2026-08-24 18:40:40.961] [23704] WARN WmIniFile::Init:file does not exist
[2026-08-24 18:40:40.962] [23704]  ERR WmIniFile::Init: 0x7000
[2026-08-24 18:40:40.962] [23704]  ERR WmIniFile::GetEntry(WmString):Init: 0x7000
[2026-08-24 18:40:40.962] [23704] INFO Set log level: 4
[2026-08-24 18:40:40.962] [23704] INFO Executing command: [deploy]
[2026-08-24 18:40:40.962] [23704] INFO [SDCryptoModule] TTOKI initialization ...
[2026-08-24 18:40:40.970] [23704] INFO [SDCryptoModule] TTOKI initialization completed
[2026-08-24 18:40:40.970] [23704] INFO [handle]Deploy handling ...
[2026-08-24 18:40:41.128] [23704] INFO [handle]Deploy succeeded
[2026-08-24 18:40:41.128] [23704] INFO deploy: finished
[2026-09-07 18:16:14.603] [3516730] WARN WmIniFile::Init:file does not exist
[2026-09-07 18:16:14.603] [3516730]  ERR WmIniFile::Init: 0x7000
[2026-09-07 18:16:14.603] [3516730]  ERR WmIniFile::GetEntry(WmString):Init: 0x7000
[2026-09-07 18:16:14.603] [3516730] INFO Set log level: 4
[2026-09-07 18:16:14.603] [3516730] INFO Executing command: [deploy]
[2026-09-07 18:16:14.604] [3516730] INFO [SDCryptoModule] TTOKI initialization ...
[2026-09-07 18:16:14.605] [3516730] INFO [SDCryptoModule] TTOKI initialization completed
[2026-09-07 18:16:14.605] [3516730] INFO [handle]Deploy handling ...
[2026-09-07 18:16:14.640] [3516730] INFO [handle]Deploy succeeded
[2026-09-07 18:16:14.640] [3516730] INFO deploy: finished
[2026-09-09 09:12:13.986] [137440] WARN WmIniFile::Init:file does not exist
[2026-09-09 09:12:13.994] [137440]  ERR WmIniFile::Init: 0x7000
[2026-09-09 09:12:13.994] [137440]  ERR WmIniFile::GetEntry(WmString):Init: 0x7000
[2026-09-09 09:12:13.994] [137440] INFO Set log level: 4
[2026-09-09 09:12:13.994] [137440] INFO Executing command: [deploy]
[2026-09-09 09:12:13.994] [137440] INFO [SDCryptoModule] TTOKI initialization ...
[2026-09-09 09:12:13.000] [137440] INFO [SDCryptoModule] TTOKI initialization completed
[2026-09-09 09:12:13.000] [137440] INFO [handle]Deploy handling ...
[2026-09-09 09:12:14.312] [137440] INFO [handle]Deploy succeeded
[2026-09-09 09:12:14.312] [137440] INFO deploy: finished
[2026-09-09 21:58:55.837] [466872] WARN WmIniFile::Init:file does not exist
[2026-09-09 21:58:55.837] [466872]  ERR WmIniFile::Init: 0x7000
[2026-09-09 21:58:55.837] [466872]  ERR WmIniFile::GetEntry(WmString):Init: 0x7000
[2026-09-09 21:58:55.837] [466872] INFO Set log level: 4
[2026-09-09 21:58:55.837] [466872] INFO Executing command: [deploy]
[2026-09-09 21:58:55.837] [466872] INFO [SDCryptoModule] TTOKI initialization ...
[2026-09-09 21:58:55.839] [466872] INFO [SDCryptoModule] TTOKI initialization completed
[2026-09-09 21:58:55.839] [466872] INFO [handle]Deploy handling ...
[2026-09-09 21:58:55.871] [466872] INFO [handle]Deploy succeeded
[2026-09-09 21:58:55.871] [466872] INFO deploy: finished
